#-----------------------------------------------------------
# Vivado v2024.1 (64-bit)
# SW Build 5076996 on Wed May 22 18:37:14 MDT 2024
# IP Build 5075265 on Wed May 22 21:45:21 MDT 2024
# SharedData Build 5076995 on Wed May 22 18:29:18 MDT 2024
# Start of session at: Fri Nov 22 11:31:29 2024
# Process ID: 27052
# Current directory: D:/School/2024-2025/digi logic/lab6/lab6.runs/impl_1
# Command line: vivado.exe -log stopwatch_top.vdi -applog -product Vivado -messageDb vivado.pb -mode batch -source stopwatch_top.tcl -notrace
# Log file: D:/School/2024-2025/digi logic/lab6/lab6.runs/impl_1/stopwatch_top.vdi
# Journal file: D:/School/2024-2025/digi logic/lab6/lab6.runs/impl_1\vivado.jou
# Running On        :MSI
# Platform          :Windows Server 2016 or Windows 10
# Operating System  :22635
# Processor Detail  :Intel(R) Core(TM) i7-10750H CPU @ 2.60GHz
# CPU Frequency     :2592 MHz
# CPU Physical cores:6
# CPU Logical cores :12
# Host memory       :17063 MB
# Swap memory       :13810 MB
# Total Virtual     :30874 MB
# Available Virtual :5657 MB
#-----------------------------------------------------------
source stopwatch_top.tcl -notrace
